Edge TPU Compiler version 16.0.384591198
Started a compilation timeout timer of 180 seconds.

Model compiled successfully in 1709 ms.

Input model: deeplabv3_mnv2_pascal_quant.tflite
Input size: 2.09MiB
Output model: deeplabv3_mnv2_pascal_quant_edgetpu.tflite
Output size: 2.78MiB
On-chip memory used for caching model parameters: 2.26MiB
On-chip memory remaining for caching model parameters: 4.70MiB
Off-chip memory used for streaming uncached model parameters: 0.00B
Number of Edge TPU subgraphs: 1
Total number of operations: 72
Operation log: deeplabv3_mnv2_pascal_quant_edgetpu.log

Model successfully compiled but not all operations are supported by the Edge TPU. A percentage of the model will instead run on the CPU, which is slower. If possible, consider updating your model to use only operations supported by the Edge TPU. For details, visit g.co/coral/model-reqs.
Number of operations that will run on Edge TPU: 64
Number of operations that will run on CPU: 8

Operator                       Count      Status

ARG_MAX                        1          Operation is working on an unsupported data type
CONCATENATION                  1          More than one subgraph is not supported
ADD                            10         Mapped to Edge TPU
CONV_2D                        36         Mapped to Edge TPU
CONV_2D                        2          More than one subgraph is not supported
QUANTIZE                       1          More than one subgraph is not supported
RESIZE_BILINEAR                1          Image-interpolation layer won't run precisely enough on Edge TPU
RESIZE_BILINEAR                1          Operation is otherwise supported, but not mapped due to some unspecified limitation
RESIZE_BILINEAR                1          More than one subgraph is not supported
AVERAGE_POOL_2D                1          Mapped to Edge TPU
DEPTHWISE_CONV_2D              17         Mapped to Edge TPU
Compilation child process completed within timeout period.
Compilation succeeded! 
