Edge TPU Compiler version 16.0.384591198
Started a compilation timeout timer of 180 seconds.

Model compiled successfully in 1653 ms.

Input model: inception_v1_224_quant.tflite
Input size: 6.41MiB
Output model: inception_v1_224_quant_edgetpu.tflite
Output size: 6.94MiB
On-chip memory used for caching model parameters: 6.45MiB
On-chip memory remaining for caching model parameters: 512.00B
Off-chip memory used for streaming uncached model parameters: 384.44KiB
Number of Edge TPU subgraphs: 1
Total number of operations: 83
Operation log: inception_v1_224_quant_edgetpu.log

Operator                       Count      Status

MAX_POOL_2D                    13         Mapped to Edge TPU
CONV_2D                        58         Mapped to Edge TPU
AVERAGE_POOL_2D                1          Mapped to Edge TPU
RESHAPE                        1          Mapped to Edge TPU
CONCATENATION                  9          Mapped to Edge TPU
SOFTMAX                        1          Mapped to Edge TPU
Compilation child process completed within timeout period.
Compilation succeeded! 
