Edge TPU Compiler version 16.0.384591198
Started a compilation timeout timer of 180 seconds.

Model compiled successfully in 1980 ms.

Input model: inception_v2_224_quant.tflite
Input size: 10.78MiB
Output model: inception_v2_224_quant_edgetpu.tflite
Output size: 11.95MiB
On-chip memory used for caching model parameters: 6.45MiB
On-chip memory remaining for caching model parameters: 1.50KiB
Off-chip memory used for streaming uncached model parameters: 5.11MiB
Number of Edge TPU subgraphs: 1
Total number of operations: 98
Operation log: inception_v2_224_quant_edgetpu.log

Operator                       Count      Status

CONCATENATION                  10         Mapped to Edge TPU
MAX_POOL_2D                    5          Mapped to Edge TPU
RESHAPE                        1          Mapped to Edge TPU
CONV_2D                        70         Mapped to Edge TPU
SOFTMAX                        1          Mapped to Edge TPU
QUANTIZE                       2          Mapped to Edge TPU
AVERAGE_POOL_2D                8          Mapped to Edge TPU
DEPTHWISE_CONV_2D              1          Mapped to Edge TPU
Compilation child process completed within timeout period.
Compilation succeeded! 
