Edge TPU Compiler version 16.0.384591198
Started a compilation timeout timer of 180 seconds.

Model compiled successfully in 2259 ms.

Input model: keras_post_training_unet_mv2_128_quant.tflite
Input size: 6.64MiB
Output model: keras_post_training_unet_mv2_128_quant_edgetpu.tflite
Output size: 6.82MiB
On-chip memory used for caching model parameters: 6.70MiB
On-chip memory remaining for caching model parameters: 220.00KiB
Off-chip memory used for streaming uncached model parameters: 15.00KiB
Number of Edge TPU subgraphs: 1
Total number of operations: 81
Operation log: keras_post_training_unet_mv2_128_quant_edgetpu.log

Operator                       Count      Status

PAD                            5          Mapped to Edge TPU
CONCATENATION                  4          Mapped to Edge TPU
CONV_2D                        34         Mapped to Edge TPU
TRANSPOSE_CONV                 5          Mapped to Edge TPU
DEPTHWISE_CONV_2D              17         Mapped to Edge TPU
QUANTIZE                       2          Mapped to Edge TPU
ADD                            14         Mapped to Edge TPU
Compilation child process completed within timeout period.
Compilation succeeded! 
