Edge TPU Compiler version 16.0.384591198
Started a compilation timeout timer of 180 seconds.

Model compiled successfully in 1134 ms.

Input model: mobilenet_v1_1.0_224_quant.tflite
Input size: 4.11MiB
Output model: mobilenet_v1_1.0_224_quant_edgetpu.tflite
Output size: 4.42MiB
On-chip memory used for caching model parameters: 4.40MiB
On-chip memory remaining for caching model parameters: 3.34MiB
Off-chip memory used for streaming uncached model parameters: 0.00B
Number of Edge TPU subgraphs: 1
Total number of operations: 31
Operation log: mobilenet_v1_1.0_224_quant_edgetpu.log

Operator                       Count      Status

AVERAGE_POOL_2D                1          Mapped to Edge TPU
DEPTHWISE_CONV_2D              13         Mapped to Edge TPU
SOFTMAX                        1          Mapped to Edge TPU
RESHAPE                        1          Mapped to Edge TPU
CONV_2D                        15         Mapped to Edge TPU
Compilation child process completed within timeout period.
Compilation succeeded! 
