Edge TPU Compiler version 16.0.384591198
Started a compilation timeout timer of 180 seconds.

Model compiled successfully in 1493 ms.

Input model: ssd_mobilenet_v2_coco_quant_postprocess.tflite
Input size: 5.93MiB
Output model: ssd_mobilenet_v2_coco_quant_postprocess_edgetpu.tflite
Output size: 6.59MiB
On-chip memory used for caching model parameters: 6.35MiB
On-chip memory remaining for caching model parameters: 1.27MiB
Off-chip memory used for streaming uncached model parameters: 0.00B
Number of Edge TPU subgraphs: 1
Total number of operations: 111
Operation log: ssd_mobilenet_v2_coco_quant_postprocess_edgetpu.log

Model successfully compiled but not all operations are supported by the Edge TPU. A percentage of the model will instead run on the CPU, which is slower. If possible, consider updating your model to use only operations supported by the Edge TPU. For details, visit g.co/coral/model-reqs.
Number of operations that will run on Edge TPU: 108
Number of operations that will run on CPU: 3

Operator                       Count      Status

CUSTOM                         1          Operation is working on an unsupported data type
ADD                            10         Mapped to Edge TPU
RESHAPE                        13         Mapped to Edge TPU
CONCATENATION                  2          Mapped to Edge TPU
DEPTHWISE_CONV_2D              17         Mapped to Edge TPU
DEQUANTIZE                     2          Operation is working on an unsupported data type
QUANTIZE                       10         Mapped to Edge TPU
CONV_2D                        55         Mapped to Edge TPU
LOGISTIC                       1          Mapped to Edge TPU
Compilation child process completed within timeout period.
Compilation succeeded! 
